// Jest Snapshot v1, https://goo.gl/fbAQLP

exports[`Regisration route renders the complete page 1`] = `
<section
  className="registrationpage"
>
  <RegistrationForm
    onRegistrationSuccess={[Function]}
  />
</section>
`;
